{"time":"2026-09-07T16:42:16.621489-04:00","level":"INFO","msg":"AP1 started"}
{"time":"2026-09-07T16:42:16.622547-04:00","level":"INFO","msg":"Temporary cleanup disabled"}
{"time":"2026-09-07T16:43:06.935126-04:00","level":"INFO","msg":"Configuración de Epson/TD Bridge actualizada","discType":"CD","format":"ISO9660"}
{"time":"2026-09-07T16:43:08.877697-04:00","level":"INFO","msg":"Searching studies","from":"2026-08-31","to":"2026-09-07"}
{"time":"2026-09-07T16:43:17.189362-04:00","level":"INFO","msg":"Searching studies","from":"2025-08-31","to":"2026-09-07"}
{"time":"2026-09-07T16:43:20.164535-04:00","level":"INFO","msg":"Study selected","study_uid":"12374e42-3ffcfa9d-a4ba9ed7-713338cf-91608256"}
{"time":"2026-09-07T16:43:20.164668-04:00","level":"INFO","msg":"Preparing study package","study_uid":"12374e42-3ffcfa9d-a4ba9ed7-713338cf-91608256","job_id":"job-1788813800164608000"}
{"time":"2026-09-07T16:43:20.165457-04:00","level":"INFO","msg":"Starting HTTP study download","study_uid":"12374e42-3ffcfa9d-a4ba9ed7-713338cf-91608256"}
{"time":"2026-09-07T16:43:30.798406-04:00","level":"INFO","msg":"Encrypted study manifest created","job_id":"job-1788813800164608000"}
{"time":"2026-09-07T16:43:30.798698-04:00","level":"INFO","msg":"autorun.inf created","job_id":"job-1788813800164608000"}
{"time":"2026-09-07T16:43:31.242394-04:00","level":"INFO","msg":"Encrypted study manifest created","job_id":"job-1788813800164608000"}
{"time":"2026-09-07T16:43:31.78311-04:00","level":"INFO","msg":"Study package prepared","job_id":"job-1788813800164608000"}
{"time":"2026-09-07T16:43:31.783194-04:00","level":"INFO","msg":"[EPSON] Creating TD Bridge job","job_id":"job-1788813800164608000"}
{"time":"2026-09-07T16:43:31.813692-04:00","level":"INFO","msg":"[EPSON] JDF staged"}
{"time":"2026-09-07T16:43:31.813783-04:00","level":"INFO","msg":"[EPSON] Submitting job to TD Bridge"}
{"time":"2026-09-07T16:43:31.813824-04:00","level":"INFO","msg":"[EPSON] Monitoring folder: /Users/medicaresoft/Desktop/Practicas/dicomdisc/bridge/apps/ap1-publisher/C:\\EPSON\\TDBridge\\Orders"}
{"time":"2026-09-07T16:43:31.813908-04:00","level":"ERROR","msg":"Disc job failed","job_id":"job-1788813800164608000","error":"TD Bridge monitoring folder does not exist"}
{"time":"2026-09-07T17:14:06.778119-04:00","level":"INFO","msg":"AP1 started"}
{"time":"2026-09-07T17:14:06.77936-04:00","level":"INFO","msg":"Temporary cleanup disabled"}
{"time":"2026-09-07T17:14:16.407364-04:00","level":"INFO","msg":"Searching studies","from":"2026-08-31","to":"2026-09-07"}
{"time":"2026-09-07T17:14:43.508707-04:00","level":"INFO","msg":"Configuración de Epson/TD Bridge actualizada","discType":"DVD","format":"UDF102"}
{"time":"2026-09-07T17:14:50.719352-04:00","level":"INFO","msg":"Searching studies","from":"2025-08-31","to":"2026-09-07"}
